Mar-20 10:30:16.101 [main] DEBUG nextflow.cli.Launcher - $> nextflow /users/PAS1473/benpasto1/ben/pipelines/alphafold3_pipeline/main.nf --fasta1 /users/PAS1473/benpasto1/ben/pipelines/alphafold3_pipeline/fasta1.fa --fasta2 /users/PAS1473/benpasto1/ben/pipelines/alphafold3_pipeline/fasta2.fa --outdir /users/PAS1473/benpasto1/ben/pipelines/alphafold3_pipeline/development_output -resume
Mar-20 10:30:16.472 [main] DEBUG nextflow.cli.CmdRun - N E X T F L O W  ~  version 24.10.5
Mar-20 10:30:16.525 [main] DEBUG nextflow.plugin.PluginsFacade - Setting up plugin manager > mode=prod; embedded=false; plugins-dir=/users/PAS1473/benpasto1/.nextflow/plugins; core-plugins: nf-amazon@2.9.2,nf-azure@1.10.2,nf-cloudcache@0.4.2,nf-codecommit@0.2.2,nf-console@1.1.4,nf-google@1.15.4,nf-tower@1.9.3,nf-wave@1.7.4
Mar-20 10:30:16.589 [main] INFO  o.pf4j.DefaultPluginStatusProvider - Enabled plugins: []
Mar-20 10:30:16.590 [main] INFO  o.pf4j.DefaultPluginStatusProvider - Disabled plugins: []
Mar-20 10:30:16.592 [main] INFO  org.pf4j.DefaultPluginManager - PF4J version 3.12.0 in 'deployment' mode
Mar-20 10:30:16.622 [main] INFO  org.pf4j.AbstractPluginManager - No plugins
Mar-20 10:30:16.668 [main] DEBUG nextflow.config.ConfigBuilder - Found config base: /users/PAS1473/benpasto1/ben/pipelines/alphafold3_pipeline/nextflow.config
Mar-20 10:30:16.670 [main] DEBUG nextflow.config.ConfigBuilder - Found config local: /fs/ess/PCON0160/ben/pipelines/alphafold3_pipeline/nextflow.config
Mar-20 10:30:16.671 [main] DEBUG nextflow.config.ConfigBuilder - Parsing config file: /users/PAS1473/benpasto1/ben/pipelines/alphafold3_pipeline/nextflow.config
Mar-20 10:30:16.672 [main] DEBUG nextflow.config.ConfigBuilder - Parsing config file: /fs/ess/PCON0160/ben/pipelines/alphafold3_pipeline/nextflow.config
Mar-20 10:30:16.712 [main] DEBUG n.secret.LocalSecretsProvider - Secrets store: /users/PAS1473/benpasto1/.nextflow/secrets/store.json
Mar-20 10:30:16.716 [main] DEBUG nextflow.secret.SecretsLoader - Discovered secrets providers: [nextflow.secret.LocalSecretsProvider@2bc12da] - activable => nextflow.secret.LocalSecretsProvider@2bc12da
Mar-20 10:30:16.747 [main] DEBUG nextflow.config.ConfigBuilder - Applying config profile: `standard`
Mar-20 10:30:17.357 [main] DEBUG nextflow.config.ConfigBuilder - Applying config profile: `standard`
Mar-20 10:30:17.410 [main] DEBUG nextflow.cli.CmdRun - Applied DSL=2 from script declaration
Mar-20 10:30:17.436 [main] DEBUG nextflow.cli.CmdRun - Launching `/users/PAS1473/benpasto1/ben/pipelines/alphafold3_pipeline/main.nf` [lethal_wilson] DSL2 - revision: 6613574055
Mar-20 10:30:17.437 [main] DEBUG nextflow.plugin.PluginsFacade - Plugins default=[]
Mar-20 10:30:17.438 [main] DEBUG nextflow.plugin.PluginsFacade - Plugins resolved requirement=[]
Mar-20 10:30:17.496 [main] DEBUG nextflow.Session - Session UUID: 8b265fe4-cef5-48d6-8a76-537ec528ed7d
Mar-20 10:30:17.497 [main] DEBUG nextflow.Session - Run name: lethal_wilson
Mar-20 10:30:17.497 [main] DEBUG nextflow.Session - Executor pool size: 2
Mar-20 10:30:17.504 [main] DEBUG nextflow.file.FilePorter - File porter settings maxRetries=3; maxTransfers=50; pollTimeout=null
Mar-20 10:30:17.509 [main] DEBUG nextflow.util.ThreadPoolBuilder - Creating thread pool 'FileTransfer' minSize=10; maxSize=10; workQueue=LinkedBlockingQueue[-1]; allowCoreThreadTimeout=false
Mar-20 10:30:17.532 [main] DEBUG nextflow.cli.CmdRun - 
  Version: 24.10.5 build 5935
  Created: 04-03-2025 17:55 UTC (12:55 EDT)
  System: Linux 5.14.0-427.49.1.el9_4.x86_64
  Runtime: Groovy 4.0.23 on OpenJDK 64-Bit Server VM 17.0.13+11-LTS
  Encoding: UTF-8 (UTF-8)
  Process: 1592518@a0348.ten.osc.edu [10.6.21.14]
  CPUs: 1 - Mem: 503.5 GB (425.8 GB) - Swap: 48 GB (47.7 GB)
Mar-20 10:30:17.577 [main] DEBUG nextflow.Session - Work-dir: /fs/scratch/PCON0160/00AA_AF3 [gpfs]
Mar-20 10:30:17.695 [main] DEBUG nextflow.executor.ExecutorFactory - Extension executors providers=[]
Mar-20 10:30:17.704 [main] DEBUG nextflow.Session - Observer factory: DefaultObserverFactory
Mar-20 10:30:17.736 [main] DEBUG nextflow.cache.CacheFactory - Using Nextflow cache factory: nextflow.cache.DefaultCacheFactory
Mar-20 10:30:17.759 [main] DEBUG nextflow.util.CustomThreadPool - Creating default thread pool > poolSize: 2; maxThreads: 1000
Mar-20 10:30:17.961 [main] DEBUG nextflow.Session - Session start
Mar-20 10:30:18.218 [main] DEBUG nextflow.script.ScriptRunner - > Launching execution
Mar-20 10:30:18.515 [main] DEBUG nextflow.script.ProcessConfig - Config settings `withLabel:base` matches labels `base` for process with name make_json:MAKE_JSONS
Mar-20 10:30:18.540 [main] DEBUG nextflow.executor.ExecutorFactory - << taskConfig executor: local
Mar-20 10:30:18.540 [main] DEBUG nextflow.executor.ExecutorFactory - >> processorType: 'local'
Mar-20 10:30:18.545 [main] DEBUG nextflow.executor.Executor - [warm up] executor > local
Mar-20 10:30:18.550 [main] DEBUG n.processor.LocalPollingMonitor - Creating local task monitor for executor 'local' > cpus=1; memory=503.5 GB; capacity=1; pollInterval=100ms; dumpInterval=5m
Mar-20 10:30:18.554 [main] DEBUG n.processor.TaskPollingMonitor - >>> barrier register (monitor: local)
Mar-20 10:30:18.577 [main] WARN  nextflow.processor.TaskProcessor - Output `tuple` must define at least two elements -- Check process `make_json:MAKE_JSONS`
Mar-20 10:30:18.630 [main] DEBUG nextflow.script.ProcessConfig - Config settings `withLabel:af3_alignment` matches labels `af3_alignment` for process with name af3_align:AF3_ALIGNMENT
Mar-20 10:30:18.633 [main] DEBUG nextflow.executor.ExecutorFactory - << taskConfig executor: slurm
Mar-20 10:30:18.633 [main] DEBUG nextflow.executor.ExecutorFactory - >> processorType: 'slurm'
Mar-20 10:30:18.638 [main] DEBUG nextflow.executor.Executor - [warm up] executor > slurm
Mar-20 10:30:18.641 [main] DEBUG n.processor.TaskPollingMonitor - Creating task monitor for executor 'slurm' > capacity: 100; pollInterval: 5s; dumpInterval: 5m 
Mar-20 10:30:18.641 [main] DEBUG n.processor.TaskPollingMonitor - >>> barrier register (monitor: slurm)
Mar-20 10:30:18.642 [main] DEBUG n.executor.AbstractGridExecutor - Creating executor 'slurm' > queue-stat-interval: 1m
Mar-20 10:30:18.652 [main] DEBUG nextflow.script.ProcessConfig - Config settings `withLabel:af3_inference` matches labels `af3_inference` for process with name af3_inference:AF3_INFERENCE
Mar-20 10:30:18.655 [main] DEBUG nextflow.executor.ExecutorFactory - << taskConfig executor: slurm
Mar-20 10:30:18.655 [main] DEBUG nextflow.executor.ExecutorFactory - >> processorType: 'slurm'
Mar-20 10:30:18.675 [main] DEBUG nextflow.script.ProcessConfig - Config settings `withLabel:base` matches labels `base` for process with name combined_conf_summary:COMBINED_CONFIDENCE_SUMMARY
Mar-20 10:30:18.676 [main] DEBUG nextflow.executor.ExecutorFactory - << taskConfig executor: local
Mar-20 10:30:18.678 [main] DEBUG nextflow.executor.ExecutorFactory - >> processorType: 'local'
Mar-20 10:30:18.681 [main] DEBUG nextflow.Session - Workflow process names [dsl2]: make_json:MAKE_JSONS, AF3_ALIGNMENT, af3_align:AF3_ALIGNMENT, AF3_INFERENCE, COMBINED_CONFIDENCE_SUMMARY, af3_inference:AF3_INFERENCE, MAKE_JSONS, combined_conf_summary:COMBINED_CONFIDENCE_SUMMARY
Mar-20 10:30:18.681 [main] DEBUG nextflow.Session - Igniting dataflow network (4)
Mar-20 10:30:18.682 [main] DEBUG nextflow.processor.TaskProcessor - Starting process > make_json:MAKE_JSONS
Mar-20 10:30:18.686 [main] DEBUG nextflow.processor.TaskProcessor - Starting process > af3_align:AF3_ALIGNMENT
Mar-20 10:30:18.686 [main] DEBUG nextflow.processor.TaskProcessor - Starting process > af3_inference:AF3_INFERENCE
Mar-20 10:30:18.705 [main] DEBUG nextflow.processor.TaskProcessor - Starting process > combined_conf_summary:COMBINED_CONFIDENCE_SUMMARY
Mar-20 10:30:18.711 [main] DEBUG nextflow.script.ScriptRunner - Parsed script files:
  Script_cb60fe88eb3bd851: /users/PAS1473/benpasto1/ben/pipelines/alphafold3_pipeline/main.nf
  Script_f3a95c84dfd26443: /users/PAS1473/benpasto1/ben/pipelines/alphafold3_pipeline/./modules/af3/main.nf
Mar-20 10:30:18.712 [main] DEBUG nextflow.script.ScriptRunner - > Awaiting termination 
Mar-20 10:30:18.712 [main] DEBUG nextflow.Session - Session await
Mar-20 10:30:18.837 [Task submitter] DEBUG n.executor.local.LocalTaskHandler - Launch cmd line: /bin/bash -ue .command.run
Mar-20 10:30:18.839 [Task submitter] INFO  nextflow.Session - [01/254de6] Submitted process > make_json:MAKE_JSONS
Mar-20 10:30:20.489 [Task monitor] DEBUG n.processor.TaskPollingMonitor - Task completed > TaskHandler[id: 1; name: make_json:MAKE_JSONS; status: COMPLETED; exit: 0; error: -; workDir: /fs/scratch/PCON0160/00AA_AF3/01/254de6934216bad129de063c63aa9a]
Mar-20 10:30:20.490 [Task monitor] DEBUG nextflow.util.ThreadPoolBuilder - Creating thread pool 'TaskFinalizer' minSize=10; maxSize=10; workQueue=LinkedBlockingQueue[-1]; allowCoreThreadTimeout=false
Mar-20 10:30:20.709 [Task submitter] DEBUG nextflow.executor.GridTaskHandler - [SLURM] submitted process af3_align:AF3_ALIGNMENT > jobId: 479215; workDir: /fs/scratch/PCON0160/00AA_AF3/9e/521aca8e593aa6d1e6c564ede3b3b2
Mar-20 10:30:20.709 [Task submitter] INFO  nextflow.Session - [9e/521aca] Submitted process > af3_align:AF3_ALIGNMENT
Mar-20 10:35:18.685 [Task monitor] DEBUG n.processor.TaskPollingMonitor - !! executor local > No more task to compute -- The following nodes are still active:
[process] af3_inference:AF3_INFERENCE
  status=ACTIVE
  port 0: (value) OPEN  ; channel: -
  port 1: (cntrl) -     ; channel: $

[process] combined_conf_summary:COMBINED_CONFIDENCE_SUMMARY
  status=ACTIVE
  port 0: (value) OPEN  ; channel: summary_confs
  port 1: (cntrl) -     ; channel: $

Mar-20 10:35:23.648 [Task monitor] DEBUG n.processor.TaskPollingMonitor - !! executor slurm > tasks to be completed: 1 -- submitted tasks are shown below
~> TaskHandler[jobId: 479215; id: 2; name: af3_align:AF3_ALIGNMENT; status: RUNNING; exit: -; error: -; workDir: /fs/scratch/PCON0160/00AA_AF3/9e/521aca8e593aa6d1e6c564ede3b3b2 started: 1742481023645; exited: -; ]
Mar-20 10:40:18.748 [Task monitor] DEBUG n.processor.TaskPollingMonitor - !! executor local > No more task to compute -- The following nodes are still active:
[process] af3_inference:AF3_INFERENCE
  status=ACTIVE
  port 0: (value) OPEN  ; channel: -
  port 1: (cntrl) -     ; channel: $

[process] combined_conf_summary:COMBINED_CONFIDENCE_SUMMARY
  status=ACTIVE
  port 0: (value) OPEN  ; channel: summary_confs
  port 1: (cntrl) -     ; channel: $

Mar-20 10:40:23.655 [Task monitor] DEBUG n.processor.TaskPollingMonitor - !! executor slurm > tasks to be completed: 1 -- submitted tasks are shown below
~> TaskHandler[jobId: 479215; id: 2; name: af3_align:AF3_ALIGNMENT; status: RUNNING; exit: -; error: -; workDir: /fs/scratch/PCON0160/00AA_AF3/9e/521aca8e593aa6d1e6c564ede3b3b2 started: 1742481023645; exited: -; ]
Mar-20 10:45:18.811 [Task monitor] DEBUG n.processor.TaskPollingMonitor - !! executor local > No more task to compute -- The following nodes are still active:
[process] af3_inference:AF3_INFERENCE
  status=ACTIVE
  port 0: (value) OPEN  ; channel: -
  port 1: (cntrl) -     ; channel: $

[process] combined_conf_summary:COMBINED_CONFIDENCE_SUMMARY
  status=ACTIVE
  port 0: (value) OPEN  ; channel: summary_confs
  port 1: (cntrl) -     ; channel: $

Mar-20 10:45:23.659 [Task monitor] DEBUG n.processor.TaskPollingMonitor - !! executor slurm > tasks to be completed: 1 -- submitted tasks are shown below
~> TaskHandler[jobId: 479215; id: 2; name: af3_align:AF3_ALIGNMENT; status: RUNNING; exit: -; error: -; workDir: /fs/scratch/PCON0160/00AA_AF3/9e/521aca8e593aa6d1e6c564ede3b3b2 started: 1742481023645; exited: -; ]
