[Wed May 21 11:34:29 AM EDT 2025] Checking for output file: /fs/ess/PCON0160/ben/pipelines/alphafold3_pipeline/af3_output/disl2_screen/merged_pae_scores.tsv
[Wed May 21 11:34:29 AM EDT 2025] 🚀 Checking for existing job...
[Wed May 21 11:34:29 AM EDT 2025] 📤 Submitting new Nextflow job with -resume
[Wed May 21 11:34:29 AM EDT 2025] 📆 Checking if script is already scheduled...
[Wed May 21 11:34:29 AM EDT 2025] 📆 Scheduled next check in 23 hours.
[Thu May 22 10:34:00 AM EDT 2025] Checking for output file: /fs/ess/PCON0160/ben/pipelines/alphafold3_pipeline/af3_output/disl2_screen/merged_pae_scores.tsv
[Thu May 22 10:34:00 AM EDT 2025] 🚀 Checking for existing job...
[Thu May 22 10:34:00 AM EDT 2025] 🔁 Found existing job (ID: 868904). Cancelling before resubmission.
[Thu May 22 10:34:10 AM EDT 2025] 📤 Submitting new Nextflow job with -resume
[Thu May 22 10:34:10 AM EDT 2025] 📆 Checking if script is already scheduled...
[Thu May 22 10:34:10 AM EDT 2025] 📆 Scheduled next check in 23 hours.
[Fri May 23 09:34:00 AM EDT 2025] Checking for output file: /fs/ess/PCON0160/ben/pipelines/alphafold3_pipeline/af3_output/disl2_screen/merged_pae_scores.tsv
[Fri May 23 09:34:00 AM EDT 2025] 🚀 Checking for existing job...
[Fri May 23 09:34:00 AM EDT 2025] 🔁 Found existing job (ID: 883552). Cancelling before resubmission.
[Fri May 23 09:34:10 AM EDT 2025] 📤 Submitting new Nextflow job with -resume
[Fri May 23 09:34:10 AM EDT 2025] 📆 Checking if script is already scheduled...
[Fri May 23 09:34:10 AM EDT 2025] 📆 Scheduled next check in 23 hours.
[Sat May 24 08:34:00 AM EDT 2025] Checking for output file: /fs/ess/PCON0160/ben/pipelines/alphafold3_pipeline/af3_output/disl2_screen/merged_pae_scores.tsv
[Sat May 24 08:34:00 AM EDT 2025] 🚀 Checking for existing job...
[Sat May 24 08:34:00 AM EDT 2025] 🔁 Found existing job (ID: 898825). Cancelling before resubmission.
[Sat May 24 08:34:10 AM EDT 2025] 📤 Submitting new Nextflow job with -resume
[Sat May 24 08:34:10 AM EDT 2025] 📆 Checking if script is already scheduled...
[Sat May 24 08:34:10 AM EDT 2025] 📆 Scheduled next check in 23 hours.
[Sun May 25 07:34:00 AM EDT 2025] Checking for output file: /fs/ess/PCON0160/ben/pipelines/alphafold3_pipeline/af3_output/disl2_screen/merged_pae_scores.tsv
[Sun May 25 07:34:00 AM EDT 2025] 🚀 Checking for existing job...
[Sun May 25 07:34:00 AM EDT 2025] 🔁 Found existing job (ID: 912715). Cancelling before resubmission.
[Sun May 25 07:34:10 AM EDT 2025] 📤 Submitting new Nextflow job with -resume
[Sun May 25 07:34:10 AM EDT 2025] 📆 Checking if script is already scheduled...
[Sun May 25 07:34:10 AM EDT 2025] 📆 Scheduled next check in 23 hours.
[Mon May 26 06:34:00 AM EDT 2025] Checking for output file: /fs/ess/PCON0160/ben/pipelines/alphafold3_pipeline/af3_output/disl2_screen/merged_pae_scores.tsv
[Mon May 26 06:34:00 AM EDT 2025] ✅ Pipeline complete. No resubmission needed.
[Wed May 28 10:59:21 AM EDT 2025] Checking for output file: /fs/ess/PCON0160/ben/pipelines/alphafold3_pipeline/af3_output/csr1_screen/merged_pae_scores.tsv
[Wed May 28 10:59:22 AM EDT 2025] 🚀 Checking for existing job...
[Wed May 28 10:59:22 AM EDT 2025] 📤 Submitting new Nextflow job with -resume
[Wed May 28 10:59:22 AM EDT 2025] 📆 Checking if script is already scheduled...
[Wed May 28 10:59:22 AM EDT 2025] 📆 Scheduled next check in 63 hours.
[Sat May 31 01:59:00 AM EDT 2025] Checking for output file: /fs/ess/PCON0160/ben/pipelines/alphafold3_pipeline/af3_output/csr1_screen/merged_pae_scores.tsv
[Sat May 31 01:59:00 AM EDT 2025] 🚀 Checking for existing job...
[Sat May 31 01:59:00 AM EDT 2025] 🔁 Found existing job (ID: 939265). Cancelling before resubmission.
[Sat May 31 01:59:10 AM EDT 2025] 📤 Submitting new Nextflow job with -resume
[Sat May 31 01:59:10 AM EDT 2025] 📆 Checking if script is already scheduled...
[Sat May 31 01:59:11 AM EDT 2025] 📆 Scheduled next check in 63 hours.
[Mon Jun  2 10:41:36 AM EDT 2025] Checking for output file: /fs/ess/PCON0160/ben/pipelines/alphafold3_pipeline/af3_output/wago1_screen/merged_pae_scores.tsv
[Mon Jun  2 10:41:36 AM EDT 2025] 🚀 Checking for existing job...
[Mon Jun  2 10:41:36 AM EDT 2025] 📤 Submitting new Nextflow job with -resume
[Mon Jun  2 10:41:37 AM EDT 2025] 📆 Checking if script is already scheduled...
[Mon Jun  2 10:41:37 AM EDT 2025] 📆 Scheduled next check in 63 hours.
[Mon Jun  2 04:59:00 PM EDT 2025] Checking for output file: /fs/ess/PCON0160/ben/pipelines/alphafold3_pipeline/af3_output/wago1_screen/merged_pae_scores.tsv
[Mon Jun  2 04:59:00 PM EDT 2025] 🚀 Checking for existing job...
[Mon Jun  2 04:59:00 PM EDT 2025] 🔁 Found existing job (ID: 997563). Cancelling before resubmission.
[Mon Jun  2 04:59:10 PM EDT 2025] 📤 Submitting new Nextflow job with -resume
[Mon Jun  2 04:59:10 PM EDT 2025] 📆 Checking if script is already scheduled...
[Mon Jun  2 04:59:10 PM EDT 2025] 📆 Scheduled next check in 63 hours.
[Thu Jun  5 01:41:00 AM EDT 2025] Checking for output file: /fs/ess/PCON0160/ben/pipelines/alphafold3_pipeline/af3_output/wago1_screen/merged_pae_scores.tsv
[Thu Jun  5 01:41:00 AM EDT 2025] 🚀 Checking for existing job...
[Thu Jun  5 01:41:00 AM EDT 2025] 🔁 Found existing job (ID: 1003675). Cancelling before resubmission.
[Thu Jun  5 01:41:10 AM EDT 2025] 📤 Submitting new Nextflow job with -resume
[Thu Jun  5 01:41:10 AM EDT 2025] 📆 Checking if script is already scheduled...
[Thu Jun  5 01:41:11 AM EDT 2025] 📆 Scheduled next check in 63 hours.
[Thu Jun  5 07:59:00 AM EDT 2025] Checking for output file: /fs/ess/PCON0160/ben/pipelines/alphafold3_pipeline/af3_output/wago1_screen/merged_pae_scores.tsv
[Thu Jun  5 07:59:00 AM EDT 2025] 🚀 Checking for existing job...
[Thu Jun  5 07:59:00 AM EDT 2025] 🔁 Found existing job (ID: 1038166). Cancelling before resubmission.
[Thu Jun  5 07:59:10 AM EDT 2025] 📤 Submitting new Nextflow job with -resume
[Thu Jun  5 07:59:10 AM EDT 2025] 📆 Checking if script is already scheduled...
[Thu Jun  5 07:59:10 AM EDT 2025] 📆 Scheduled next check in 63 hours.
[Thu Jun  5 10:33:22 PM EDT 2025] Checking for output file: /fs/ess/PCON0160/ben/pipelines/alphafold3_pipeline/af3_output/wago1_screen/merged_pae_scores.tsv
[Thu Jun  5 10:33:22 PM EDT 2025] 🚀 Checking for existing job...
[Thu Jun  5 10:33:22 PM EDT 2025] 📤 Submitting new Nextflow job with -resume
[Thu Jun  5 10:33:22 PM EDT 2025] 📆 Checking if script is already scheduled...
[Thu Jun  5 10:33:22 PM EDT 2025] 📆 Scheduled next check in 63 hours.
[Sat Jun  7 10:59:00 PM EDT 2025] Checking for output file: /fs/ess/PCON0160/ben/pipelines/alphafold3_pipeline/af3_output/wago1_screen/merged_pae_scores.tsv
[Sat Jun  7 10:59:00 PM EDT 2025] 🚀 Checking for existing job...
[Sat Jun  7 10:59:00 PM EDT 2025] 📤 Submitting new Nextflow job with -resume
[Sat Jun  7 10:59:01 PM EDT 2025] 📆 Checking if script is already scheduled...
[Sat Jun  7 10:59:01 PM EDT 2025] 📆 Scheduled next check in 63 hours.
[Sun Jun  8 01:33:00 PM EDT 2025] Checking for output file: /fs/ess/PCON0160/ben/pipelines/alphafold3_pipeline/af3_output/wago1_screen/merged_pae_scores.tsv
[Sun Jun  8 01:33:00 PM EDT 2025] 🚀 Checking for existing job...
[Sun Jun  8 01:33:00 PM EDT 2025] 🔁 Found existing job (ID: 1065917). Cancelling before resubmission.
[Sun Jun  8 01:33:10 PM EDT 2025] 📤 Submitting new Nextflow job with -resume
[Sun Jun  8 01:33:10 PM EDT 2025] 📆 Checking if script is already scheduled...
[Sun Jun  8 01:33:10 PM EDT 2025] 📆 Scheduled next check in 63 hours.
[Mon Jun  9 02:16:12 PM EDT 2025] Checking for output file: /fs/ess/PCON0160/ben/pipelines/alphafold3_pipeline/af3_output/wago1_screen/merged_pae_scores.tsv
[Mon Jun  9 02:16:12 PM EDT 2025] ✅ Pipeline complete. No resubmission needed.
[Mon Jun  9 02:17:17 PM EDT 2025] Checking for output file: /fs/ess/PCON0160/ben/pipelines/alphafold3_pipeline/af3_output/wago1_screen/merged_pae_scores.tsv
[Mon Jun  9 02:17:17 PM EDT 2025] 🚀 Checking for existing job...
[Mon Jun  9 02:17:17 PM EDT 2025] 📤 Submitting new Nextflow job with -resume
[Mon Jun  9 02:17:17 PM EDT 2025] 📆 Checking if script is already scheduled...
[Mon Jun  9 02:17:17 PM EDT 2025] 📆 Scheduled next check in 63 hours.
[Tue Jun 10 10:40:38 AM EDT 2025] Checking for output file: /fs/ess/PCON0160/ben/pipelines/alphafold3_pipeline/af3_output/wago1_screen/merged_pae_scores.tsv
[Tue Jun 10 10:40:38 AM EDT 2025] 🚀 Checking for existing job...
[Tue Jun 10 10:40:38 AM EDT 2025] 📤 Submitting new Nextflow job with -resume
[Tue Jun 10 10:40:39 AM EDT 2025] 📆 Checking if script is already scheduled...
[Tue Jun 10 10:40:39 AM EDT 2025] 📆 Scheduled next check in 63 hours.
[Tue Jun 10 12:05:43 PM EDT 2025] Checking for output file: /fs/ess/PCON0160/ben/pipelines/alphafold3_pipeline/af3_output/wago1_screen/merged_pae_scores.tsv
[Tue Jun 10 12:05:43 PM EDT 2025] 🚀 Checking for existing job...
[Tue Jun 10 12:05:43 PM EDT 2025] 📤 Submitting new Nextflow job with -resume
[Tue Jun 10 12:05:43 PM EDT 2025] 📆 Checking if script is already scheduled...
[Tue Jun 10 12:05:43 PM EDT 2025] 📆 Scheduled next check in 63 hours.
[Tue Jun 10 12:10:50 PM EDT 2025] Checking for output file: /fs/ess/PCON0160/ben/pipelines/alphafold3_pipeline/af3_output/wago1_screen/merged_pae_scores.tsv
[Tue Jun 10 12:10:50 PM EDT 2025] 🚀 Checking for existing job...
[Tue Jun 10 12:10:50 PM EDT 2025] 📤 Submitting new Nextflow job with -resume
[Tue Jun 10 12:10:50 PM EDT 2025] 📆 Checking if script is already scheduled...
[Tue Jun 10 12:10:50 PM EDT 2025] 📆 Scheduled next check in 63 hours.
[Tue Jun 10 12:17:29 PM EDT 2025] Checking for output file: /fs/ess/PCON0160/ben/pipelines/alphafold3_pipeline/af3_output/wago1_screen/merged_pae_scores.tsv
[Tue Jun 10 12:17:29 PM EDT 2025] 🚀 Checking for existing job...
[Tue Jun 10 12:17:29 PM EDT 2025] 📤 Submitting new Nextflow job with -resume
[Tue Jun 10 12:17:29 PM EDT 2025] 📆 Checking if script is already scheduled...
[Tue Jun 10 12:17:29 PM EDT 2025] 📆 Scheduled next check in 63 hours.
[Tue Jun 10 12:34:21 PM EDT 2025] Checking for output file: /fs/ess/PCON0160/ben/pipelines/alphafold3_pipeline/af3_output/wago1_screen/merged_pae_scores.tsv
[Tue Jun 10 12:34:21 PM EDT 2025] 🚀 Checking for existing job...
[Tue Jun 10 12:34:21 PM EDT 2025] 📤 Submitting new Nextflow job with -resume
[Tue Jun 10 12:34:21 PM EDT 2025] 📆 Checking if script is already scheduled...
[Tue Jun 10 12:34:21 PM EDT 2025] 📆 Scheduled next check in 63 hours.
[Wed Jun 11 12:24:28 PM EDT 2025] Checking for output file: /fs/ess/PCON0160/ben/pipelines/alphafold3_pipeline/af3_output/wago1_screen/merged_pae_scores.tsv
[Wed Jun 11 12:24:28 PM EDT 2025] 🚀 Checking for existing job...
[Wed Jun 11 12:24:28 PM EDT 2025] 📤 Submitting new Nextflow job with -resume
[Wed Jun 11 12:24:28 PM EDT 2025] 📆 Checking if script is already scheduled...
[Wed Jun 11 12:24:28 PM EDT 2025] 📆 Scheduled next check in 63 hours.
[Thu Jun 12 05:17:00 AM EDT 2025] Checking for output file: /fs/ess/PCON0160/ben/pipelines/alphafold3_pipeline/af3_output/wago1_screen/merged_pae_scores.tsv
[Thu Jun 12 05:17:00 AM EDT 2025] 🚀 Checking for existing job...
[Thu Jun 12 05:17:00 AM EDT 2025] 🔁 Found existing job (ID: 1206822). Cancelling before resubmission.
[Thu Jun 12 05:17:10 AM EDT 2025] 📤 Submitting new Nextflow job with -resume
[Thu Jun 12 05:17:11 AM EDT 2025] 📆 Checking if script is already scheduled...
[Thu Jun 12 05:17:11 AM EDT 2025] 📆 Scheduled next check in 63 hours.
[Fri Jun 13 03:05:00 AM EDT 2025] Checking for output file: /fs/ess/PCON0160/ben/pipelines/alphafold3_pipeline/af3_output/wago1_screen/merged_pae_scores.tsv
[Fri Jun 13 03:05:00 AM EDT 2025] ✅ Pipeline complete. No resubmission needed.
[Fri Jun 13 03:17:00 AM EDT 2025] Checking for output file: /fs/ess/PCON0160/ben/pipelines/alphafold3_pipeline/af3_output/wago1_screen/merged_pae_scores.tsv
[Fri Jun 13 03:17:00 AM EDT 2025] ✅ Pipeline complete. No resubmission needed.
[Sat Jun 14 03:24:00 AM EDT 2025] Checking for output file: /fs/ess/PCON0160/ben/pipelines/alphafold3_pipeline/af3_output/wago1_screen/merged_pae_scores.tsv
[Sat Jun 14 03:24:00 AM EDT 2025] ✅ Pipeline complete. No resubmission needed.
[Sat Jun 14 08:17:00 PM EDT 2025] Checking for output file: /fs/ess/PCON0160/ben/pipelines/alphafold3_pipeline/af3_output/wago1_screen/merged_pae_scores.tsv
[Sat Jun 14 08:17:00 PM EDT 2025] ✅ Pipeline complete. No resubmission needed.
[Mon Jun 16 05:42:35 PM EDT 2025] Checking for output file: /fs/ess/PCON0160/ben/pipelines/alphafold3_pipeline/af3_output/whole_proteome_screen/merged_pae_scores.tsv
[Mon Jun 16 05:42:36 PM EDT 2025] 🚀 Checking for existing job...
[Mon Jun 16 05:42:36 PM EDT 2025] 📤 Submitting new Nextflow job with -resume
[Mon Jun 16 05:42:36 PM EDT 2025] 📆 Checking if script is already scheduled...
[Mon Jun 16 05:42:36 PM EDT 2025] 📆 Scheduled next check in 63 hours.
[Mon Jun 16 05:43:40 PM EDT 2025] Checking for output file: /fs/ess/PCON0160/ben/pipelines/alphafold3_pipeline/af3_output/whole_proteome_screen/merged_pae_scores.tsv
[Mon Jun 16 05:43:40 PM EDT 2025] 🚀 Checking for existing job...
[Mon Jun 16 05:43:40 PM EDT 2025] 📤 Submitting new Nextflow job with -resume
[Mon Jun 16 05:43:41 PM EDT 2025] 📆 Checking if script is already scheduled...
[Mon Jun 16 05:43:41 PM EDT 2025] 📆 Scheduled next check in 63 hours.
[Mon Jun 16 05:47:01 PM EDT 2025] Checking for output file: /fs/ess/PCON0160/ben/pipelines/alphafold3_pipeline/af3_output/whole_proteome_screen/merged_pae_scores.tsv
[Mon Jun 16 05:47:01 PM EDT 2025] 🚀 Checking for existing job...
[Mon Jun 16 05:47:01 PM EDT 2025] 📤 Submitting new Nextflow job with -resume
[Mon Jun 16 05:47:01 PM EDT 2025] 📆 Checking if script is already scheduled...
[Mon Jun 16 05:47:02 PM EDT 2025] 📆 Scheduled next check in 63 hours.
[Tue Jun 17 10:07:20 AM EDT 2025] Checking for output file: /fs/ess/PCON0160/ben/pipelines/alphafold3_pipeline/af3_output/whole_proteome_screen/merged_pae_scores.tsv
[Tue Jun 17 10:07:20 AM EDT 2025] 🚀 Checking for existing job...
[Tue Jun 17 10:07:20 AM EDT 2025] 📤 Submitting new Nextflow job with -resume
[Tue Jun 17 10:07:20 AM EDT 2025] 📆 Checking if script is already scheduled...
[Tue Jun 17 10:07:20 AM EDT 2025] 📆 Scheduled next check in 63 hours.
[Fri Jun 20 01:07:00 AM EDT 2025] Checking for output file: /fs/ess/PCON0160/ben/pipelines/alphafold3_pipeline/af3_output/whole_proteome_screen/merged_pae_scores.tsv
[Fri Jun 20 01:07:00 AM EDT 2025] 🚀 Checking for existing job...
[Fri Jun 20 01:07:01 AM EDT 2025] 📤 Submitting new Nextflow job with -resume
[Fri Jun 20 01:07:01 AM EDT 2025] 📆 Checking if script is already scheduled...
[Fri Jun 20 01:07:01 AM EDT 2025] 📆 Scheduled next check in 63 hours.
[Mon Jun 23 11:35:37 AM EDT 2025] Checking for output file: /fs/ess/PCON0160/ben/pipelines/alphafold3_pipeline/af3_output/E3_NEDD_SUMO_SCREEN/merged_pae_scores.tsv
[Mon Jun 23 11:35:37 AM EDT 2025] 🚀 Checking for existing job...
[Mon Jun 23 11:35:37 AM EDT 2025] 📤 Submitting new Nextflow job with -resume
[Mon Jun 23 11:35:37 AM EDT 2025] 📆 Checking if script is already scheduled...
[Mon Jun 23 11:35:37 AM EDT 2025] 📆 Scheduled next check in 63 hours.
[Mon Jun 23 12:00:23 PM EDT 2025] Checking for output file: /fs/ess/PCON0160/ben/pipelines/alphafold3_pipeline/af3_output/E3_NEDD_SUMO_SCREEN/merged_pae_scores.tsv
[Mon Jun 23 12:00:23 PM EDT 2025] 🚀 Checking for existing job...
[Mon Jun 23 12:00:24 PM EDT 2025] 📤 Submitting new Nextflow job with -resume
[Mon Jun 23 12:00:24 PM EDT 2025] 📆 Checking if script is already scheduled...
[Mon Jun 23 12:00:24 PM EDT 2025] 📆 Scheduled next check in 63 hours.
[Mon Jun 23 12:46:46 PM EDT 2025] Checking for output file: /fs/ess/PCON0160/ben/pipelines/alphafold3_pipeline/af3_output/E3_NEDD_SUMO_SCREEN/merged_pae_scores.tsv
[Mon Jun 23 12:46:46 PM EDT 2025] 🚀 Checking for existing job...
[Mon Jun 23 12:46:46 PM EDT 2025] 📤 Submitting new Nextflow job with -resume
[Mon Jun 23 12:46:46 PM EDT 2025] 📆 Checking if script is already scheduled...
[Mon Jun 23 12:46:46 PM EDT 2025] 📆 Scheduled next check in 63 hours.
[Mon Jun 23 01:39:11 PM EDT 2025] Checking for output file: /fs/ess/PCON0160/ben/pipelines/alphafold3_pipeline/af3_output/E3_NEDD_SUMO_SCREEN/merged_pae_scores.tsv
[Mon Jun 23 01:39:11 PM EDT 2025] 🚀 Checking for existing job...
[Mon Jun 23 01:39:11 PM EDT 2025] 📤 Submitting new Nextflow job with -resume
[Mon Jun 23 01:39:11 PM EDT 2025] 📆 Checking if script is already scheduled...
[Mon Jun 23 01:39:12 PM EDT 2025] 📆 Scheduled next check in 63 hours.
[Mon Jun 23 04:18:27 PM EDT 2025] Checking for output file: /fs/ess/PCON0160/ben/pipelines/alphafold3_pipeline/af3_output/E3_NEDD_SUMO_SCREEN/merged_pae_scores.tsv
[Mon Jun 23 04:18:27 PM EDT 2025] 🚀 Checking for existing job...
[Mon Jun 23 04:18:27 PM EDT 2025] 📤 Submitting new Nextflow job with -resume
[Mon Jun 23 04:18:27 PM EDT 2025] 📆 Checking if script is already scheduled...
[Mon Jun 23 04:18:27 PM EDT 2025] 📆 Scheduled next check in 63 hours.
[Thu Jun 26 04:39:00 AM EDT 2025] Checking for output file: /fs/ess/PCON0160/ben/pipelines/alphafold3_pipeline/af3_output/E3_NEDD_SUMO_SCREEN/merged_pae_scores.tsv
[Thu Jun 26 04:39:01 AM EDT 2025] 🚀 Checking for existing job...
[Thu Jun 26 04:39:01 AM EDT 2025] 🔁 Found existing job (ID: 1364636). Cancelling before resubmission.
[Thu Jun 26 04:39:11 AM EDT 2025] 📤 Submitting new Nextflow job with -resume
[Thu Jun 26 04:39:11 AM EDT 2025] 📆 Checking if script is already scheduled...
[Thu Jun 26 04:39:11 AM EDT 2025] 📆 Scheduled next check in 63 hours.
[Thu Jun 26 07:18:00 AM EDT 2025] Checking for output file: /fs/ess/PCON0160/ben/pipelines/alphafold3_pipeline/af3_output/E3_NEDD_SUMO_SCREEN/merged_pae_scores.tsv
[Thu Jun 26 07:18:00 AM EDT 2025] 🚀 Checking for existing job...
[Thu Jun 26 07:18:00 AM EDT 2025] 🔁 Found existing job (ID: 1396734). Cancelling before resubmission.
[Thu Jun 26 07:18:10 AM EDT 2025] 📤 Submitting new Nextflow job with -resume
[Thu Jun 26 07:18:11 AM EDT 2025] 📆 Checking if script is already scheduled...
[Thu Jun 26 07:18:11 AM EDT 2025] 📆 Scheduled next check in 63 hours.
[Sat Jun 28 07:39:00 PM EDT 2025] Checking for output file: /fs/ess/PCON0160/ben/pipelines/alphafold3_pipeline/af3_output/E3_NEDD_SUMO_SCREEN/merged_pae_scores.tsv
[Sat Jun 28 07:39:00 PM EDT 2025] 🚀 Checking for existing job...
[Sat Jun 28 07:39:01 PM EDT 2025] 🔁 Found existing job (ID: 1400385). Cancelling before resubmission.
[Sat Jun 28 07:39:11 PM EDT 2025] 📤 Submitting new Nextflow job with -resume
[Sat Jun 28 07:39:11 PM EDT 2025] 📆 Checking if script is already scheduled...
[Sat Jun 28 07:39:11 PM EDT 2025] 📆 Scheduled next check in 63 hours.
[Sat Jun 28 10:18:01 PM EDT 2025] Checking for output file: /fs/ess/PCON0160/ben/pipelines/alphafold3_pipeline/af3_output/E3_NEDD_SUMO_SCREEN/merged_pae_scores.tsv
[Sat Jun 28 10:18:01 PM EDT 2025] 🚀 Checking for existing job...
[Sat Jun 28 10:18:01 PM EDT 2025] 🔁 Found existing job (ID: 1435270). Cancelling before resubmission.
[Sat Jun 28 10:18:11 PM EDT 2025] 📤 Submitting new Nextflow job with -resume
[Sat Jun 28 10:18:11 PM EDT 2025] 📆 Checking if script is already scheduled...
[Sat Jun 28 10:18:11 PM EDT 2025] 📆 Scheduled next check in 63 hours.
[Tue Jul  1 10:39:00 AM EDT 2025] Checking for output file: /fs/ess/PCON0160/ben/pipelines/alphafold3_pipeline/af3_output/E3_NEDD_SUMO_SCREEN/merged_pae_scores.tsv
[Tue Jul  1 10:39:00 AM EDT 2025] 🚀 Checking for existing job...
[Tue Jul  1 10:39:00 AM EDT 2025] 🔁 Found existing job (ID: 1437419). Cancelling before resubmission.
[Tue Jul  1 10:39:10 AM EDT 2025] 📤 Submitting new Nextflow job with -resume
[Tue Jul  1 10:39:10 AM EDT 2025] 📆 Checking if script is already scheduled...
[Tue Jul  1 10:39:10 AM EDT 2025] 📆 Scheduled next check in 63 hours.
[Tue Jul  1 01:18:01 PM EDT 2025] Checking for output file: /fs/ess/PCON0160/ben/pipelines/alphafold3_pipeline/af3_output/E3_NEDD_SUMO_SCREEN/merged_pae_scores.tsv
[Tue Jul  1 01:18:01 PM EDT 2025] 🚀 Checking for existing job...
[Tue Jul  1 01:18:01 PM EDT 2025] 🔁 Found existing job (ID: 1476106). Cancelling before resubmission.
[Tue Jul  1 01:18:11 PM EDT 2025] 📤 Submitting new Nextflow job with -resume
[Tue Jul  1 01:18:11 PM EDT 2025] 📆 Checking if script is already scheduled...
[Tue Jul  1 01:18:11 PM EDT 2025] 📆 Scheduled next check in 63 hours.
[Fri Jul  4 01:39:00 AM EDT 2025] Checking for output file: /fs/ess/PCON0160/ben/pipelines/alphafold3_pipeline/af3_output/E3_NEDD_SUMO_SCREEN/merged_pae_scores.tsv
[Fri Jul  4 01:39:00 AM EDT 2025] 🚀 Checking for existing job...
[Fri Jul  4 01:39:00 AM EDT 2025] 🔁 Found existing job (ID: 1479657). Cancelling before resubmission.
[Fri Jul  4 01:39:11 AM EDT 2025] 📤 Submitting new Nextflow job with -resume
[Fri Jul  4 01:39:11 AM EDT 2025] 📆 Checking if script is already scheduled...
[Fri Jul  4 01:39:11 AM EDT 2025] 📆 Scheduled next check in 63 hours.
[Fri Jul  4 04:18:00 AM EDT 2025] Checking for output file: /fs/ess/PCON0160/ben/pipelines/alphafold3_pipeline/af3_output/E3_NEDD_SUMO_SCREEN/merged_pae_scores.tsv
[Fri Jul  4 04:18:00 AM EDT 2025] 🚀 Checking for existing job...
[Fri Jul  4 04:18:00 AM EDT 2025] 🔁 Found existing job (ID: 1528706). Cancelling before resubmission.
[Fri Jul  4 04:18:10 AM EDT 2025] 📤 Submitting new Nextflow job with -resume
[Fri Jul  4 04:18:11 AM EDT 2025] 📆 Checking if script is already scheduled...
[Fri Jul  4 04:18:11 AM EDT 2025] 📆 Scheduled next check in 63 hours.
[Sun Jul  6 04:39:00 PM EDT 2025] Checking for output file: /fs/ess/PCON0160/ben/pipelines/alphafold3_pipeline/af3_output/E3_NEDD_SUMO_SCREEN/merged_pae_scores.tsv
[Sun Jul  6 04:39:00 PM EDT 2025] 🚀 Checking for existing job...
[Sun Jul  6 04:39:00 PM EDT 2025] 🔁 Found existing job (ID: 1529862). Cancelling before resubmission.
[Sun Jul  6 04:39:10 PM EDT 2025] 📤 Submitting new Nextflow job with -resume
[Sun Jul  6 04:39:11 PM EDT 2025] 📆 Checking if script is already scheduled...
[Sun Jul  6 04:39:11 PM EDT 2025] 📆 Scheduled next check in 63 hours.
[Sun Jul  6 07:18:00 PM EDT 2025] Checking for output file: /fs/ess/PCON0160/ben/pipelines/alphafold3_pipeline/af3_output/E3_NEDD_SUMO_SCREEN/merged_pae_scores.tsv
[Sun Jul  6 07:18:00 PM EDT 2025] 🚀 Checking for existing job...
[Sun Jul  6 07:18:00 PM EDT 2025] 🔁 Found existing job (ID: 1553665). Cancelling before resubmission.
[Sun Jul  6 07:18:10 PM EDT 2025] 📤 Submitting new Nextflow job with -resume
[Sun Jul  6 07:18:10 PM EDT 2025] 📆 Checking if script is already scheduled...
[Sun Jul  6 07:18:11 PM EDT 2025] 📆 Scheduled next check in 63 hours.
[Wed Jul  9 07:39:00 AM EDT 2025] Checking for output file: /fs/ess/PCON0160/ben/pipelines/alphafold3_pipeline/af3_output/E3_NEDD_SUMO_SCREEN/merged_pae_scores.tsv
[Wed Jul  9 07:39:00 AM EDT 2025] 🚀 Checking for existing job...
[Wed Jul  9 07:39:00 AM EDT 2025] 🔁 Found existing job (ID: 1555000). Cancelling before resubmission.
[Wed Jul  9 07:39:11 AM EDT 2025] 📤 Submitting new Nextflow job with -resume
[Wed Jul  9 07:39:11 AM EDT 2025] 📆 Checking if script is already scheduled...
[Wed Jul  9 07:39:11 AM EDT 2025] 📆 Scheduled next check in 63 hours.
[Wed Jul  9 10:18:00 AM EDT 2025] Checking for output file: /fs/ess/PCON0160/ben/pipelines/alphafold3_pipeline/af3_output/E3_NEDD_SUMO_SCREEN/merged_pae_scores.tsv
[Wed Jul  9 10:18:00 AM EDT 2025] 🚀 Checking for existing job...
[Wed Jul  9 10:18:00 AM EDT 2025] 🔁 Found existing job (ID: 1583200). Cancelling before resubmission.
[Wed Jul  9 10:18:10 AM EDT 2025] 📤 Submitting new Nextflow job with -resume
[Wed Jul  9 10:18:11 AM EDT 2025] 📆 Checking if script is already scheduled...
[Wed Jul  9 10:18:11 AM EDT 2025] 📆 Scheduled next check in 63 hours.
[Fri Jul 11 10:39:00 PM EDT 2025] Checking for output file: /fs/ess/PCON0160/ben/pipelines/alphafold3_pipeline/af3_output/E3_NEDD_SUMO_SCREEN/merged_pae_scores.tsv
[Fri Jul 11 10:39:00 PM EDT 2025] 🚀 Checking for existing job...
[Fri Jul 11 10:39:00 PM EDT 2025] 🔁 Found existing job (ID: 1584333). Cancelling before resubmission.
[Fri Jul 11 10:39:10 PM EDT 2025] 📤 Submitting new Nextflow job with -resume
[Fri Jul 11 10:39:10 PM EDT 2025] 📆 Checking if script is already scheduled...
[Fri Jul 11 10:39:11 PM EDT 2025] 📆 Scheduled next check in 63 hours.
[Sat Jul 12 01:18:00 AM EDT 2025] Checking for output file: /fs/ess/PCON0160/ben/pipelines/alphafold3_pipeline/af3_output/E3_NEDD_SUMO_SCREEN/merged_pae_scores.tsv
[Sat Jul 12 01:18:00 AM EDT 2025] 🚀 Checking for existing job...
[Sat Jul 12 01:18:00 AM EDT 2025] 🔁 Found existing job (ID: 1610052). Cancelling before resubmission.
[Sat Jul 12 01:18:10 AM EDT 2025] 📤 Submitting new Nextflow job with -resume
[Sat Jul 12 01:18:11 AM EDT 2025] 📆 Checking if script is already scheduled...
[Sat Jul 12 01:18:11 AM EDT 2025] 📆 Scheduled next check in 63 hours.
[Mon Jul 14 01:39:00 PM EDT 2025] Checking for output file: /fs/ess/PCON0160/ben/pipelines/alphafold3_pipeline/af3_output/E3_NEDD_SUMO_SCREEN/merged_pae_scores.tsv
[Mon Jul 14 01:39:00 PM EDT 2025] 🚀 Checking for existing job...
[Mon Jul 14 01:39:00 PM EDT 2025] 🔁 Found existing job (ID: 1611802). Cancelling before resubmission.
[Mon Jul 14 01:39:10 PM EDT 2025] 📤 Submitting new Nextflow job with -resume
[Mon Jul 14 01:39:10 PM EDT 2025] 📆 Checking if script is already scheduled...
[Mon Jul 14 01:39:10 PM EDT 2025] 📆 Scheduled next check in 63 hours.
[Mon Jul 14 04:18:00 PM EDT 2025] Checking for output file: /fs/ess/PCON0160/ben/pipelines/alphafold3_pipeline/af3_output/E3_NEDD_SUMO_SCREEN/merged_pae_scores.tsv
[Mon Jul 14 04:18:00 PM EDT 2025] 🚀 Checking for existing job...
[Mon Jul 14 04:18:00 PM EDT 2025] 🔁 Found existing job (ID: 1657653). Cancelling before resubmission.
[Mon Jul 14 04:18:10 PM EDT 2025] 📤 Submitting new Nextflow job with -resume
[Mon Jul 14 04:18:11 PM EDT 2025] 📆 Checking if script is already scheduled...
[Mon Jul 14 04:18:11 PM EDT 2025] 📆 Scheduled next check in 63 hours.
[Thu Jul 17 07:18:00 AM EDT 2025] Checking for output file: /fs/ess/PCON0160/ben/pipelines/alphafold3_pipeline/af3_output/E3_NEDD_SUMO_SCREEN/merged_pae_scores.tsv
[Thu Jul 17 07:18:00 AM EDT 2025] 🚀 Checking for existing job...
[Thu Jul 17 07:18:00 AM EDT 2025] 📤 Submitting new Nextflow job with -resume
[Thu Jul 17 07:18:01 AM EDT 2025] 📆 Checking if script is already scheduled...
[Thu Jul 17 07:18:01 AM EDT 2025] 📆 Scheduled next check in 63 hours.
[Sat Jul 19 10:18:00 PM EDT 2025] Checking for output file: /fs/ess/PCON0160/ben/pipelines/alphafold3_pipeline/af3_output/E3_NEDD_SUMO_SCREEN/merged_pae_scores.tsv
[Sat Jul 19 10:18:00 PM EDT 2025] 🚀 Checking for existing job...
[Sat Jul 19 10:18:00 PM EDT 2025] 📤 Submitting new Nextflow job with -resume
[Sat Jul 19 10:18:01 PM EDT 2025] 📆 Checking if script is already scheduled...
[Sat Jul 19 10:18:01 PM EDT 2025] 📆 Scheduled next check in 63 hours.
[Tue Jul 22 01:18:00 PM EDT 2025] Checking for output file: /fs/ess/PCON0160/ben/pipelines/alphafold3_pipeline/af3_output/E3_NEDD_SUMO_SCREEN/merged_pae_scores.tsv
[Tue Jul 22 01:18:00 PM EDT 2025] 🚀 Checking for existing job...
[Tue Jul 22 01:18:00 PM EDT 2025] 🔁 Found existing job (ID: 1709407). Cancelling before resubmission.
[Tue Jul 22 01:18:10 PM EDT 2025] 📤 Submitting new Nextflow job with -resume
[Tue Jul 22 01:18:11 PM EDT 2025] 📆 Checking if script is already scheduled...
[Tue Jul 22 01:18:11 PM EDT 2025] 📆 Scheduled next check in 63 hours.
[Fri Jul 25 04:18:00 AM EDT 2025] Checking for output file: /fs/ess/PCON0160/ben/pipelines/alphafold3_pipeline/af3_output/E3_NEDD_SUMO_SCREEN/merged_pae_scores.tsv
[Fri Jul 25 04:18:00 AM EDT 2025] 🚀 Checking for existing job...
[Fri Jul 25 04:18:00 AM EDT 2025] 🔁 Found existing job (ID: 1793810). Cancelling before resubmission.
[Fri Jul 25 04:18:10 AM EDT 2025] 📤 Submitting new Nextflow job with -resume
[Fri Jul 25 04:18:11 AM EDT 2025] 📆 Checking if script is already scheduled...
[Fri Jul 25 04:18:11 AM EDT 2025] 📆 Scheduled next check in 63 hours.
[Sun Jul 27 07:18:00 PM EDT 2025] Checking for output file: /fs/ess/PCON0160/ben/pipelines/alphafold3_pipeline/af3_output/E3_NEDD_SUMO_SCREEN/merged_pae_scores.tsv
[Sun Jul 27 07:18:00 PM EDT 2025] 🚀 Checking for existing job...
[Sun Jul 27 07:18:00 PM EDT 2025] 🔁 Found existing job (ID: 1846363). Cancelling before resubmission.
[Sun Jul 27 07:18:10 PM EDT 2025] 📤 Submitting new Nextflow job with -resume
[Sun Jul 27 07:18:10 PM EDT 2025] 📆 Checking if script is already scheduled...
[Sun Jul 27 07:18:10 PM EDT 2025] 📆 Scheduled next check in 63 hours.
[Wed Jul 30 10:18:00 AM EDT 2025] Checking for output file: /fs/ess/PCON0160/ben/pipelines/alphafold3_pipeline/af3_output/E3_NEDD_SUMO_SCREEN/merged_pae_scores.tsv
[Wed Jul 30 10:18:00 AM EDT 2025] 🚀 Checking for existing job...
[Wed Jul 30 10:18:00 AM EDT 2025] 🔁 Found existing job (ID: 1892765). Cancelling before resubmission.
[Wed Jul 30 10:18:10 AM EDT 2025] 📤 Submitting new Nextflow job with -resume
[Wed Jul 30 10:18:10 AM EDT 2025] 📆 Checking if script is already scheduled...
[Wed Jul 30 10:18:11 AM EDT 2025] 📆 Scheduled next check in 63 hours.
[Sat Aug  2 01:18:00 AM EDT 2025] Checking for output file: /fs/ess/PCON0160/ben/pipelines/alphafold3_pipeline/af3_output/E3_NEDD_SUMO_SCREEN/merged_pae_scores.tsv
[Sat Aug  2 01:18:00 AM EDT 2025] ✅ Pipeline complete. No resubmission needed.
[Mon Aug  4 02:07:57 PM EDT 2025] Checking for output file: /fs/ess/PCON0160/ben/pipelines/alphafold3_pipeline/af3_output/Y57A10A.13_screen/merged_pae_scores.tsv
[Mon Aug  4 02:07:57 PM EDT 2025] 🚀 Checking for existing job...
[Mon Aug  4 02:07:57 PM EDT 2025] 📤 Submitting new Nextflow job with -resume
[Mon Aug  4 02:07:57 PM EDT 2025] 📆 Checking if script is already scheduled...
[Mon Aug  4 02:09:06 PM EDT 2025] Checking for output file: /fs/ess/PCON0160/ben/pipelines/alphafold3_pipeline/af3_output/Y57A10A.13_screen/merged_pae_scores.tsv
[Mon Aug  4 02:09:06 PM EDT 2025] 🚀 Checking for existing job...
[Mon Aug  4 02:09:06 PM EDT 2025] 📤 Submitting new Nextflow job with -resume
[Mon Aug  4 02:09:06 PM EDT 2025] 📆 Checking if script is already scheduled...
[Mon Aug  4 02:09:07 PM EDT 2025] 📆 Scheduled next check in 63 hours.
[Thu Aug  7 05:09:00 AM EDT 2025] Checking for output file: /fs/ess/PCON0160/ben/pipelines/alphafold3_pipeline/af3_output/Y57A10A.13_screen/merged_pae_scores.tsv
[Thu Aug  7 05:09:00 AM EDT 2025] 🚀 Checking for existing job...
[Thu Aug  7 05:09:00 AM EDT 2025] 🔁 Found existing job (ID: 1937243). Cancelling before resubmission.
[Thu Aug  7 05:09:10 AM EDT 2025] 📤 Submitting new Nextflow job with -resume
[Thu Aug  7 05:09:10 AM EDT 2025] 📆 Checking if script is already scheduled...
[Thu Aug  7 05:09:11 AM EDT 2025] 📆 Scheduled next check in 63 hours.
[Sat Aug  9 08:09:00 PM EDT 2025] Checking for output file: /fs/ess/PCON0160/ben/pipelines/alphafold3_pipeline/af3_output/Y57A10A.13_screen/merged_pae_scores.tsv
[Sat Aug  9 08:09:00 PM EDT 2025] 🚀 Checking for existing job...
[Sat Aug  9 08:09:00 PM EDT 2025] 🔁 Found existing job (ID: 1970249). Cancelling before resubmission.
[Sat Aug  9 08:09:10 PM EDT 2025] 📤 Submitting new Nextflow job with -resume
[Sat Aug  9 08:09:10 PM EDT 2025] 📆 Checking if script is already scheduled...
[Sat Aug  9 08:09:11 PM EDT 2025] 📆 Scheduled next check in 63 hours.
[Tue Aug 12 11:09:00 AM EDT 2025] Checking for output file: /fs/ess/PCON0160/ben/pipelines/alphafold3_pipeline/af3_output/Y57A10A.13_screen/merged_pae_scores.tsv
[Tue Aug 12 11:09:03 AM EDT 2025] ✅ Pipeline complete. No resubmission needed.
[Fri Aug 15 03:10:31 PM EDT 2025] Checking for output file: /fs/ess/PCON0160/ben/pipelines/alphafold3_pipeline/af3_output/prg1_hits_from_AF3_screen/merged_pae_scores.tsv
[Fri Aug 15 03:10:31 PM EDT 2025] 🚀 Checking for existing job...
[Fri Aug 15 03:10:31 PM EDT 2025] 📤 Submitting new Nextflow job with -resume
[Fri Aug 15 03:10:31 PM EDT 2025] 📆 Checking if script is already scheduled...
[Fri Aug 15 03:10:32 PM EDT 2025] 📆 Scheduled next check in 63 hours.
[Mon Aug 18 06:10:00 AM EDT 2025] Checking for output file: /fs/ess/PCON0160/ben/pipelines/alphafold3_pipeline/af3_output/prg1_hits_from_AF3_screen/merged_pae_scores.tsv
[Mon Aug 18 06:10:00 AM EDT 2025] 🚀 Checking for existing job...
[Mon Aug 18 06:10:00 AM EDT 2025] 🔁 Found existing job (ID: 2035027). Cancelling before resubmission.
[Mon Aug 18 06:10:10 AM EDT 2025] 📤 Submitting new Nextflow job with -resume
[Mon Aug 18 06:10:11 AM EDT 2025] 📆 Checking if script is already scheduled...
[Mon Aug 18 06:10:11 AM EDT 2025] 📆 Scheduled next check in 63 hours.
[Wed Aug 20 09:10:00 PM EDT 2025] Checking for output file: /fs/ess/PCON0160/ben/pipelines/alphafold3_pipeline/af3_output/prg1_hits_from_AF3_screen/merged_pae_scores.tsv
[Wed Aug 20 09:10:00 PM EDT 2025] 🚀 Checking for existing job...
[Wed Aug 20 09:10:00 PM EDT 2025] 🔁 Found existing job (ID: 2060593). Cancelling before resubmission.
[Wed Aug 20 09:10:10 PM EDT 2025] 📤 Submitting new Nextflow job with -resume
[Wed Aug 20 09:10:11 PM EDT 2025] 📆 Checking if script is already scheduled...
[Wed Aug 20 09:10:11 PM EDT 2025] 📆 Scheduled next check in 63 hours.
[Sat Aug 23 12:10:00 PM EDT 2025] Checking for output file: /fs/ess/PCON0160/ben/pipelines/alphafold3_pipeline/af3_output/prg1_hits_from_AF3_screen/merged_pae_scores.tsv
[Sat Aug 23 12:10:00 PM EDT 2025] 🚀 Checking for existing job...
[Sat Aug 23 12:10:00 PM EDT 2025] 🔁 Found existing job (ID: 2087550). Cancelling before resubmission.
[Sat Aug 23 12:10:10 PM EDT 2025] 📤 Submitting new Nextflow job with -resume
[Sat Aug 23 12:10:10 PM EDT 2025] 📆 Checking if script is already scheduled...
[Sat Aug 23 12:10:10 PM EDT 2025] 📆 Scheduled next check in 63 hours.
[Tue Aug 26 03:10:00 AM EDT 2025] Checking for output file: /fs/ess/PCON0160/ben/pipelines/alphafold3_pipeline/af3_output/prg1_hits_from_AF3_screen/merged_pae_scores.tsv
[Tue Aug 26 03:10:00 AM EDT 2025] 🚀 Checking for existing job...
[Tue Aug 26 03:10:00 AM EDT 2025] 🔁 Found existing job (ID: 2110625). Cancelling before resubmission.
[Tue Aug 26 03:10:10 AM EDT 2025] 📤 Submitting new Nextflow job with -resume
[Tue Aug 26 03:10:11 AM EDT 2025] 📆 Checking if script is already scheduled...
[Tue Aug 26 03:10:11 AM EDT 2025] 📆 Scheduled next check in 63 hours.
[Thu Aug 28 06:10:00 PM EDT 2025] Checking for output file: /fs/ess/PCON0160/ben/pipelines/alphafold3_pipeline/af3_output/prg1_hits_from_AF3_screen/merged_pae_scores.tsv
[Thu Aug 28 06:10:00 PM EDT 2025] 🚀 Checking for existing job...
[Thu Aug 28 06:10:00 PM EDT 2025] 📤 Submitting new Nextflow job with -resume
[Thu Aug 28 06:10:00 PM EDT 2025] 📆 Checking if script is already scheduled...
[Thu Aug 28 06:10:00 PM EDT 2025] 📆 Scheduled next check in 63 hours.
[Sun Aug 31 09:10:00 AM EDT 2025] Checking for output file: /fs/ess/PCON0160/ben/pipelines/alphafold3_pipeline/af3_output/prg1_hits_from_AF3_screen/merged_pae_scores.tsv
[Sun Aug 31 09:10:00 AM EDT 2025] 🚀 Checking for existing job...
[Sun Aug 31 09:10:00 AM EDT 2025] 📤 Submitting new Nextflow job with -resume
[Sun Aug 31 09:10:00 AM EDT 2025] 📆 Checking if script is already scheduled...
[Sun Aug 31 09:10:00 AM EDT 2025] 📆 Scheduled next check in 63 hours.
[Wed Sep  3 12:10:00 AM EDT 2025] Checking for output file: /fs/ess/PCON0160/ben/pipelines/alphafold3_pipeline/af3_output/prg1_hits_from_AF3_screen/merged_pae_scores.tsv
[Wed Sep  3 12:10:00 AM EDT 2025] 🚀 Checking for existing job...
[Wed Sep  3 12:10:00 AM EDT 2025] 🔁 Found existing job (ID: 2209155). Cancelling before resubmission.
[Wed Sep  3 12:10:10 AM EDT 2025] 📤 Submitting new Nextflow job with -resume
[Wed Sep  3 12:10:11 AM EDT 2025] 📆 Checking if script is already scheduled...
[Wed Sep  3 12:10:11 AM EDT 2025] 📆 Scheduled next check in 63 hours.
[Fri Sep  5 03:10:00 PM EDT 2025] Checking for output file: /fs/ess/PCON0160/ben/pipelines/alphafold3_pipeline/af3_output/prg1_hits_from_AF3_screen/merged_pae_scores.tsv
[Fri Sep  5 03:10:00 PM EDT 2025] 🚀 Checking for existing job...
[Fri Sep  5 03:10:00 PM EDT 2025] 🔁 Found existing job (ID: 2236304). Cancelling before resubmission.
[Fri Sep  5 03:10:10 PM EDT 2025] 📤 Submitting new Nextflow job with -resume
[Fri Sep  5 03:10:10 PM EDT 2025] 📆 Checking if script is already scheduled...
[Fri Sep  5 03:10:11 PM EDT 2025] 📆 Scheduled next check in 63 hours.
[Mon Sep  8 06:10:00 AM EDT 2025] Checking for output file: /fs/ess/PCON0160/ben/pipelines/alphafold3_pipeline/af3_output/prg1_hits_from_AF3_screen/merged_pae_scores.tsv
[Mon Sep  8 06:10:00 AM EDT 2025] 🚀 Checking for existing job...
[Mon Sep  8 06:10:00 AM EDT 2025] 🔁 Found existing job (ID: 2272079). Cancelling before resubmission.
[Mon Sep  8 06:10:10 AM EDT 2025] 📤 Submitting new Nextflow job with -resume
[Mon Sep  8 06:10:10 AM EDT 2025] 📆 Checking if script is already scheduled...
[Mon Sep  8 06:10:11 AM EDT 2025] 📆 Scheduled next check in 63 hours.
[Wed Sep 10 09:10:00 PM EDT 2025] Checking for output file: /fs/ess/PCON0160/ben/pipelines/alphafold3_pipeline/af3_output/prg1_hits_from_AF3_screen/merged_pae_scores.tsv
[Wed Sep 10 09:10:00 PM EDT 2025] ✅ Pipeline complete. No resubmission needed.
